
> @onegenui/providers@2.0.1 build /Users/giulioleone/Sviluppo/genUi/json-render/packages/providers
> tsup

CLI Building entry: src/index.ts
CLI Using tsconfig: tsconfig.json
CLI tsup v8.5.1
CLI Using tsup config: /Users/giulioleone/Sviluppo/genUi/json-render/packages/providers/tsup.config.ts
CLI Target: es2020
CLI Cleaning output folder
ESM Build start
CJS Build start
CJS dist/index.js     50.82 KB
CJS dist/index.js.map 112.04 KB
CJS ⚡️ Build success in 24ms
ESM dist/index.mjs     48.32 KB
ESM dist/index.mjs.map 109.01 KB
ESM ⚡️ Build success in 25ms
DTS Build start
DTS ⚡️ Build success in 1599ms
DTS dist/index.d.ts  14.40 KB
DTS dist/index.d.cts 14.40 KB
